---
source: tests/report_schema.rs
expression: report
---
{
  "schema_version": 1,
  "tool": {
    "name": "makeutil",
    "version": "0.1.0",
    "parser": "makefile-lossless",
    "parser_version": "0.3.40"
  },
  "source": {
    "path": "Makefile",
    "sha256": "4ad9a5a5d6a76c84f0aa2b25b174fd3f49a4046718bf30db1d7fd39ee8a98b04",
    "byte_length": 123
  },
  "parse": {
    "status": "complete",
    "diagnostics": []
  },
  "rules": [
    {
      "ordinal": 2,
      "targets": [
        "check"
      ],
      "prerequisites": [
        "prepare"
      ],
      "double_colon": true,
      "conditions": [
        {
          "kind": "ifdef",
          "expression": "CI",
          "branch": "if",
          "location": {
            "start_byte": 47,
            "end_byte": 56,
            "start_line": 4,
            "start_column": 1,
            "end_line": 5,
            "end_column": 1
          }
        }
      ],
      "recipes": [
        {
          "ordinal": 0,
          "text": "@-+cargo test",
          "silent": true,
          "ignore_errors": true,
          "always_execute": true,
          "location": {
            "start_byte": 72,
            "end_byte": 87,
            "start_line": 6,
            "start_column": 1,
            "end_line": 7,
            "end_column": 1
          }
        }
      ],
      "location": {
        "start_byte": 56,
        "end_byte": 87,
        "start_line": 5,
        "start_column": 1,
        "end_line": 7,
        "end_column": 1
      }
    },
    {
      "ordinal": 3,
      "targets": [
        "check"
      ],
      "prerequisites": [
        "local"
      ],
      "double_colon": false,
      "conditions": [
        {
          "kind": "ifdef",
          "expression": "CI",
          "branch": "else",
          "location": {
            "start_byte": 87,
            "end_byte": 91,
            "start_line": 7,
            "start_column": 1,
            "end_line": 7,
            "end_column": 5
          }
        }
      ],
      "recipes": [
        {
          "ordinal": 0,
          "text": "echo local",
          "silent": false,
          "ignore_errors": false,
          "always_execute": false,
          "location": {
            "start_byte": 105,
            "end_byte": 117,
            "start_line": 9,
            "start_column": 1,
            "end_line": 10,
            "end_column": 1
          }
        }
      ],
      "location": {
        "start_byte": 92,
        "end_byte": 117,
        "start_line": 8,
        "start_column": 1,
        "end_line": 10,
        "end_column": 1
      }
    }
  ],
  "variables": [
    {
      "ordinal": 0,
      "name": "MODE",
      "operator": "?=",
      "raw_value": "debug",
      "exported": false,
      "overridden": false,
      "define_block": false,
      "conditions": [],
      "location": {
        "start_byte": 0,
        "end_byte": 14,
        "start_line": 1,
        "start_column": 1,
        "end_line": 2,
        "end_column": 1
      }
    }
  ],
  "includes": [
    {
      "ordinal": 1,
      "raw_path": "$(CONFIG_DIR)/common.mk",
      "optional": false,
      "dynamic": true,
      "conditions": [],
      "location": {
        "start_byte": 14,
        "end_byte": 46,
        "start_line": 2,
        "start_column": 1,
        "end_line": 3,
        "end_column": 1
      }
    }
  ]
}
