---
source: tests/report_schema.rs
expression: report
---
{
  "schema_version": 1,
  "tool": {
    "name": "makeutil",
    "version": "0.1.0",
    "parser": "makefile-lossless",
    "parser_version": "0.3.40"
  },
  "source": {
    "path": "recovered.mk",
    "sha256": "5d575548402b6bc7a68db9c524d10cffea25e50d6eff7de5f42e3b43736f8d8e",
    "byte_length": 64
  },
  "parse": {
    "status": "recovered",
    "diagnostics": [
      {
        "message": "expected ':'",
        "code": null,
        "location": {
          "start_byte": 33,
          "end_byte": 41,
          "start_line": 2,
          "start_column": 8,
          "end_line": 2,
          "end_column": 16
        }
      },
      {
        "message": "expected ':'",
        "code": null,
        "location": {
          "start_byte": 64,
          "end_byte": 64,
          "start_line": 5,
          "start_column": 1,
          "end_line": 5,
          "end_column": 1
        }
      }
    ]
  },
  "rules": [
    {
      "ordinal": 0,
      "targets": [
        "broken",
        "rule",
        "without",
        "colon"
      ],
      "prerequisites": [],
      "double_colon": false,
      "conditions": [],
      "recipes": [],
      "location": {
        "start_byte": 0,
        "end_byte": 26,
        "start_line": 1,
        "start_column": 1,
        "end_line": 2,
        "end_column": 1
      }
    },
    {
      "ordinal": 2,
      "targets": [
        "valid"
      ],
      "prerequisites": [],
      "double_colon": false,
      "conditions": [],
      "recipes": [
        {
          "ordinal": 0,
          "text": "echo retained",
          "silent": false,
          "ignore_errors": false,
          "always_execute": false,
          "location": {
            "start_byte": 49,
            "end_byte": 64,
            "start_line": 4,
            "start_column": 1,
            "end_line": 5,
            "end_column": 1
          }
        }
      ],
      "location": {
        "start_byte": 42,
        "end_byte": 64,
        "start_line": 3,
        "start_column": 1,
        "end_line": 5,
        "end_column": 1
      }
    }
  ],
  "variables": [
    {
      "ordinal": 1,
      "name": "GOOD",
      "operator": "=",
      "raw_value": "retained",
      "exported": false,
      "overridden": false,
      "define_block": false,
      "conditions": [],
      "location": {
        "start_byte": 26,
        "end_byte": 42,
        "start_line": 2,
        "start_column": 1,
        "end_line": 3,
        "end_column": 1
      }
    }
  ],
  "includes": []
}
