---
source: tests/report_schema.rs
expression: stable_json(&report)?
---
{
  "includes": [
    {
      "conditions": [],
      "dynamic": true,
      "location": {
        "end_byte": 126,
        "end_column": 1,
        "end_line": 8,
        "start_byte": 94,
        "start_column": 1,
        "start_line": 7
      },
      "optional": false,
      "ordinal": 4,
      "raw_path": "$(CONFIG_DIR)/common.mk"
    }
  ],
  "parse": {
    "diagnostics": [],
    "status": "complete"
  },
  "rules": [
    {
      "conditions": [
        {
          "branch": "if",
          "expression": "CI",
          "kind": "ifdef",
          "location": {
            "end_byte": 136,
            "end_column": 1,
            "end_line": 10,
            "start_byte": 127,
            "start_column": 1,
            "start_line": 9
          }
        }
      ],
      "double_colon": true,
      "location": {
        "end_byte": 167,
        "end_column": 1,
        "end_line": 12,
        "start_byte": 136,
        "start_column": 1,
        "start_line": 10
      },
      "ordinal": 5,
      "prerequisites": [
        "prepare"
      ],
      "recipes": [
        {
          "always_execute": true,
          "ignore_errors": true,
          "location": {
            "end_byte": 167,
            "end_column": 1,
            "end_line": 12,
            "start_byte": 152,
            "start_column": 1,
            "start_line": 11
          },
          "ordinal": 0,
          "silent": true,
          "text": "@-+cargo test"
        }
      ],
      "targets": [
        "check"
      ]
    },
    {
      "conditions": [
        {
          "branch": "else",
          "expression": "CI",
          "kind": "ifdef",
          "location": {
            "end_byte": 171,
            "end_column": 5,
            "end_line": 12,
            "start_byte": 167,
            "start_column": 1,
            "start_line": 12
          }
        }
      ],
      "double_colon": false,
      "location": {
        "end_byte": 197,
        "end_column": 1,
        "end_line": 15,
        "start_byte": 172,
        "start_column": 1,
        "start_line": 13
      },
      "ordinal": 6,
      "prerequisites": [
        "local"
      ],
      "recipes": [
        {
          "always_execute": false,
          "ignore_errors": false,
          "location": {
            "end_byte": 197,
            "end_column": 1,
            "end_line": 15,
            "start_byte": 185,
            "start_column": 1,
            "start_line": 14
          },
          "ordinal": 0,
          "silent": false,
          "text": "echo local"
        }
      ],
      "targets": [
        "check"
      ]
    }
  ],
  "schema_version": 1,
  "source": {
    "byte_length": 203,
    "path": "Makefile",
    "sha256": "1f61a290113f6dbf9b5a3b2d2d62e3e55e25ef3cb891453cea9e676299079280"
  },
  "tool": {
    "name": "makeutil",
    "parser": "makefile-lossless",
    "parser_version": "[parser_version]",
    "version": "[version]"
  },
  "variables": [
    {
      "conditions": [],
      "define_block": false,
      "exported": false,
      "location": {
        "end_byte": 14,
        "end_column": 1,
        "end_line": 2,
        "start_byte": 0,
        "start_column": 1,
        "start_line": 1
      },
      "name": "MODE",
      "operator": "?=",
      "ordinal": 0,
      "overridden": false,
      "raw_value": "debug"
    },
    {
      "conditions": [],
      "define_block": false,
      "exported": true,
      "location": {
        "end_byte": 35,
        "end_column": 1,
        "end_line": 3,
        "start_byte": 14,
        "start_column": 1,
        "start_line": 2
      },
      "name": "RELEASE",
      "operator": "=",
      "ordinal": 1,
      "overridden": false,
      "raw_value": "yes"
    },
    {
      "conditions": [],
      "define_block": false,
      "exported": false,
      "location": {
        "end_byte": 58,
        "end_column": 1,
        "end_line": 4,
        "start_byte": 35,
        "start_column": 1,
        "start_line": 3
      },
      "name": "TOOL",
      "operator": ":=",
      "ordinal": 2,
      "overridden": true,
      "raw_value": "cargo"
    },
    {
      "conditions": [],
      "define_block": true,
      "exported": false,
      "location": {
        "end_byte": 94,
        "end_column": 1,
        "end_line": 7,
        "start_byte": 58,
        "start_column": 1,
        "start_line": 4
      },
      "name": "SCRIPT",
      "operator": "",
      "ordinal": 3,
      "overridden": false,
      "raw_value": "echo configured\n"
    }
  ]
}
